lex	: modif_front: SLASH
yacc	: pcre_delim <<< SLASH
yacc	: modif_front <<< pcre_delim
lex	: ASCII p
yacc	: element <<< ASCII p
yacc	: unit <<< element
lex	: ASCII c
yacc	: ext_unit <<< unit
yacc	: element <<< ASCII c
yacc	: unit <<< element
lex	: ASCII r
yacc	: ext_unit <<< unit
yacc	: element <<< ASCII r
yacc	: unit <<< element
lex	: LBRA
yacc	: startRepeating <<< LBRA
lex	: INT
lex	: COMMA
yacc	: minimum <<< INT 12
yacc	: intervalDelim <<< COMMA
lex	: INT
yacc	: maximum <<< INT 3
yacc	: interval <<< minimum intervalDelim maximum
lex	: RBRA
yacc	: endRepeating <<< RBRA
yacc	: repeating <<< startRepeating interval endRepeating
yacc	: quantifier <<< repeating
lex	: ASCII e
yacc	: quantify <<< quantifier
yacc	: quantify_unit <<< unit quantify
yacc	: ext_unit <<< quantify_unit
yacc	: element <<< ASCII e
yacc	: unit <<< element
lex	: SLASH
yacc	: ext_unit <<< unit
yacc	: exp <<< ext_unit
yacc	: exp <<< ext_unit-exp
yacc	: exp <<< ext_unit-exp
yacc	: exp <<< ext_unit-exp
yacc	: ext_exp <<< exp
yacc	: rv <<< ext_exp
yacc	: inslash <<< rv
yacc	: pattern <<< inslash
yacc	: pcre_delim <<< SLASH
yacc	: modif_rear <<< pcre_delim
yacc	: pcre <<< modif_front pattern modif_rear
