lex	: modif_front: SLASH
yacc	: pcre_delim <<< SLASH
yacc	: modif_front <<< pcre_delim
lex	: LBOX
yacc	: classStart <<< LBOX
lex	: DECDIGIT
yacc	: slashcharclass <<< DECDIGIT
yacc	: inclass_element <<< slashcharclass
yacc	: inclass_unit <<< inclass_element
lex	: NDECDIGIT
yacc	: slashcharclass <<< NDECDIGIT
yacc	: inclass_element <<< slashcharclass
yacc	: inclass_unit <<< inclass_element
lex	: HWHITESPACE
yacc	: slashcharclass <<< HWHITESPACE
yacc	: inclass_element <<< slashcharclass
yacc	: inclass_unit <<< inclass_element
lex	: NHWHITESPACE
yacc	: slashcharclass <<< NHWHITESPACE
yacc	: inclass_element <<< slashcharclass
yacc	: inclass_unit <<< inclass_element
lex	: WHITESPACE
yacc	: slashcharclass <<< WHITESPACE
yacc	: inclass_element <<< slashcharclass
yacc	: inclass_unit <<< inclass_element
lex	: NWHITESPACE
yacc	: slashcharclass <<< NWHITESPACE
yacc	: inclass_element <<< slashcharclass
yacc	: inclass_unit <<< inclass_element
lex	: VWHITESPACE
yacc	: slashcharclass <<< VWHITESPACE
yacc	: inclass_element <<< slashcharclass
yacc	: inclass_unit <<< inclass_element
lex	: NVWHITESPACE
yacc	: slashcharclass <<< NVWHITESPACE
yacc	: inclass_element <<< slashcharclass
yacc	: inclass_unit <<< inclass_element
lex	: WORDCHAR
yacc	: slashcharclass <<< WORDCHAR
yacc	: inclass_element <<< slashcharclass
yacc	: inclass_unit <<< inclass_element
lex	: NWORDCHAR
yacc	: slashcharclass <<< NWORDCHAR
yacc	: inclass_element <<< slashcharclass
yacc	: inclass_unit <<< inclass_element
lex	: RBOX
yacc	: inclass_ext_unit <<< inclass_unit
yacc	: inclass_ext_unit <<< inclass_unit-inclass_ext_unit
yacc	: inclass_ext_unit <<< inclass_unit-inclass_ext_unit
yacc	: inclass_ext_unit <<< inclass_unit-inclass_ext_unit
yacc	: inclass_ext_unit <<< inclass_unit-inclass_ext_unit
yacc	: inclass_ext_unit <<< inclass_unit-inclass_ext_unit
yacc	: inclass_ext_unit <<< inclass_unit-inclass_ext_unit
yacc	: inclass_ext_unit <<< inclass_unit-inclass_ext_unit
yacc	: inclass_ext_unit <<< inclass_unit-inclass_ext_unit
yacc	: inclass_ext_unit <<< inclass_unit-inclass_ext_unit
yacc	: inclass <<< inclass_ext_unit
yacc	: classEnd <<< RBOX
yacc	: class <<< classStart inclass classEnd
yacc	: unit <<< class
lex	: SLASH
yacc	: ext_unit <<< unit
yacc	: exp <<< ext_unit
yacc	: ext_exp <<< exp
yacc	: rv <<< ext_exp
yacc	: inslash <<< rv
yacc	: pattern <<< inslash
yacc	: pcre_delim <<< SLASH
yacc	: modif_rear <<< pcre_delim
yacc	: pcre <<< modif_front pattern modif_rear
