lex	: modif_front: SLASH
yacc	: pcre_delim <<< SLASH
yacc	: modif_front <<< pcre_delim
lex	: WORDBOUNDARY
yacc	: assertions <<< WORDBOUNDARY
yacc	: element <<< assertions
yacc	: unit <<< element
lex	: NWORDBOUNDARY
yacc	: ext_unit <<< unit
yacc	: assertions <<< NWORDBOUNDARY
yacc	: element <<< assertions
yacc	: unit <<< element
lex	: STARTSUBJECT
yacc	: ext_unit <<< unit
yacc	: assertions <<< STARTSUBJECT
yacc	: element <<< assertions
yacc	: unit <<< element
lex	: ENDSUBJECT
yacc	: ext_unit <<< unit
yacc	: assertions <<< ENDSUBJECT
yacc	: element <<< assertions
yacc	: unit <<< element
lex	: OENDSUBJECT
yacc	: ext_unit <<< unit
yacc	: assertions <<< OENDSUBJECT
yacc	: element <<< assertions
yacc	: unit <<< element
lex	: FIRSTPOSITION
yacc	: ext_unit <<< unit
yacc	: assertions <<< FIRSTPOSITION
yacc	: element <<< assertions
yacc	: unit <<< element
lex	: SLASH
yacc	: ext_unit <<< unit
yacc	: exp <<< ext_unit
yacc	: exp <<< ext_unit-exp
yacc	: exp <<< ext_unit-exp
yacc	: exp <<< ext_unit-exp
yacc	: exp <<< ext_unit-exp
yacc	: exp <<< ext_unit-exp
yacc	: ext_exp <<< exp
yacc	: rv <<< ext_exp
yacc	: inslash <<< rv
yacc	: pattern <<< inslash
yacc	: pcre_delim <<< SLASH
yacc	: modif_rear <<< pcre_delim
yacc	: pcre <<< modif_front pattern modif_rear
