lex	: modif_front: SLASH
yacc	: pcre_delim <<< SLASH
yacc	: modif_front <<< pcre_delim
lex	: ASCII p
yacc	: element <<< ASCII p
yacc	: unit <<< element
lex	: ASCII c
yacc	: ext_unit <<< unit
yacc	: element <<< ASCII c
yacc	: unit <<< element
lex	: LBOX
yacc	: ext_unit <<< unit
yacc	: classStart <<< LBOX
lex	: CHALSTART
yacc	: chalStart <<< CHALSTART
lex	: ASCII $
yacc	: inchalUnit <<< ASCII $
yacc	: inchalExtUnit <<< inchalUnit
lex	: CHALEND
yacc	: inchal <<< inchalExtUnit
yacc	: chalEnd <<< CHALEND
yacc	: chal <<< chalStart inchal chalEnd
yacc	: inclass_unit <<< chal
lex	: RBOX
yacc	: inclass_ext_unit <<< inclass_unit
yacc	: inclass <<< inclass_ext_unit
yacc	: classEnd <<< RBOX
yacc	: class <<< classStart inclass classEnd
yacc	: unit <<< class
lex	: ASCII r
yacc	: ext_unit <<< unit
yacc	: element <<< ASCII r
yacc	: unit <<< element
lex	: ASCII e
yacc	: ext_unit <<< unit
yacc	: element <<< ASCII e
yacc	: unit <<< element
lex	: SLASH
yacc	: ext_unit <<< unit
yacc	: exp <<< ext_unit
yacc	: exp <<< ext_unit-exp
yacc	: exp <<< ext_unit-exp
yacc	: exp <<< ext_unit-exp
yacc	: exp <<< ext_unit-exp
yacc	: ext_exp <<< exp
yacc	: rv <<< ext_exp
yacc	: inslash <<< rv
yacc	: pattern <<< inslash
yacc	: pcre_delim <<< SLASH
yacc	: modif_rear <<< pcre_delim
yacc	: pcre <<< modif_front pattern modif_rear
