lex	: modif_front: SLASH
yacc	: pcre_delim <<< SLASH
yacc	: modif_front <<< pcre_delim
lex	: ASCII a
yacc	: element <<< ASCII a
yacc	: unit <<< element
lex	: SLASH
yacc	: ext_unit <<< unit
yacc	: exp <<< ext_unit
yacc	: ext_exp <<< exp
yacc	: rv <<< ext_exp
yacc	: inslash <<< rv
yacc	: pattern <<< inslash
yacc	: pcre_delim <<< SLASH
yacc	: modif_rear_unit <<< MODIF_CASELESS
yacc	: modif_rear_ext <<< modif_rear_unit
yacc	: modif_rear <<< pcre_delim-modif_rear_ext
yacc	: pcre <<< modif_front pattern modif_rear
