lex	: modif_front: SLASH
yacc	: pcre_delim <<< SLASH
yacc	: modif_front <<< pcre_delim
lex	: OPTION
yacc	: optionStart <<< OPTION
lex	: MODIF_CASELESS
yacc	: option_set_unit <<< MODIF_CASELESS
lex	: RBRA
yacc	: option_set <<< option_set_unit
yacc	: optionEnd <<< RBRA
yacc	: option <<< optionStart option_set optionEnd
yacc	: unit <<< option
lex	: ASCII a
yacc	: ext_unit <<< unit
yacc	: element <<< ASCII a
yacc	: unit <<< element
lex	: SLASH
yacc	: ext_unit <<< unit
yacc	: exp <<< ext_unit
yacc	: exp <<< ext_unit-exp
yacc	: ext_exp <<< exp
yacc	: rv <<< ext_exp
yacc	: inslash <<< rv
yacc	: pattern <<< inslash
yacc	: pcre_delim <<< SLASH
yacc	: modif_rear <<< pcre_delim
yacc	: pcre <<< modif_front pattern modif_rear
